2026-08-06 23:42:34 | INFO     | trademind:init_db:20 - Database initialized successfully at sqlite:///E:\Projects\TRADE\trade.db
2026-08-06 23:44:14 | INFO     | trademind:connect:18 - PaperBroker connected successfully.
2026-08-06 23:44:14 | INFO     | trademind:_execute_order:164 - Executed Order PAPER-ORD-c2d217ca | BUY 65 NIFTY24AUG22500CE @ ₹100.05 | Realized PnL: ₹0.00
2026-08-06 23:44:14 | INFO     | trademind:_execute_order:164 - Executed Order PAPER-ORD-fb504dc1 | SELL 65 NIFTY24AUG22500CE @ ₹119.94 | Realized PnL: ₹1292.85
2026-08-06 23:44:14 | INFO     | trademind:connect:18 - PaperBroker connected successfully.
2026-08-06 23:44:14 | WARNING  | trademind:place_order:59 - Order rejected: Insufficient margin. Required ₹13000.00, Available ₹5000.00
2026-08-06 23:56:34 | WARNING  | trademind:_log_risk_event:132 - Risk Manager Alert [CIRCUIT_BREAKER]: Max Daily Loss limit hit (-₹2100.00 <= -₹2000.00)
2026-08-06 23:56:34 | INFO     | trademind:evaluate_signal:82 - AI Signal Approved: NIFTY_22500_CE with score 90.0%
2026-08-06 23:56:34 | INFO     | trademind:evaluate_signal:84 - AI Signal Rejected: NIFTY_22500_CE score 62.0% < threshold 80.0%
2026-08-06 23:57:19 | WARNING  | trademind:_log_risk_event:133 - Risk Manager Alert [CIRCUIT_BREAKER]: Max Daily Loss limit hit (-₹2100.00 <= -₹2000.00)
2026-08-06 23:57:19 | INFO     | trademind:evaluate_signal:82 - AI Signal Approved: NIFTY_22500_CE with score 90.0%
2026-08-06 23:57:19 | INFO     | trademind:evaluate_signal:84 - AI Signal Rejected: NIFTY_22500_CE score 62.0% < threshold 80.0%
2026-08-06 23:58:59 | INFO     | trademind:send_message_sync:31 - Telegram notification sent successfully.
2026-08-06 23:59:01 | INFO     | trademind:send_message_sync:31 - Telegram notification sent successfully.
2026-08-06 23:59:03 | INFO     | trademind:send_message_sync:31 - Telegram notification sent successfully.
2026-08-06 23:59:05 | ERROR    | trademind:send_message_sync:34 - Failed to send Telegram message: 400 - {"ok":false,"error_code":400,"description":"Bad Request: can't parse entities: Can't find end of the entity starting at byte offset 49"}
2026-08-06 23:59:05 | INFO     | trademind:init_db:20 - Database initialized successfully at sqlite:///E:\Projects\TRADE\trade.db
2026-08-06 23:59:05 | INFO     | trademind:connect:18 - PaperBroker connected successfully.
2026-08-06 23:59:07 | INFO     | trademind:send_message_sync:31 - Telegram notification sent successfully.
2026-08-06 23:59:07 | INFO     | trademind:_execute_order:164 - Executed Order PAPER-ORD-f7f858a2 | BUY 65 NIFTY_22500_CE @ ₹120.06 | Realized PnL: ₹0.00
2026-08-06 23:59:09 | INFO     | trademind:send_message_sync:31 - Telegram notification sent successfully.
2026-08-06 23:59:09 | INFO     | trademind:execute_signal:114 - Persisted Trade TRD-c10b9470 to Database successfully.
2026-08-06 23:59:09 | INFO     | trademind:_execute_order:164 - Executed Order PAPER-ORD-74981d58 | SELL 65 NIFTY_22500_CE @ ₹159.92 | Realized PnL: ₹2590.90
2026-08-06 23:59:11 | INFO     | trademind:send_message_sync:31 - Telegram notification sent successfully.
2026-08-06 23:59:11 | INFO     | trademind:close_trade:169 - Closed Trade TRD-c10b9470 | Exit Price: ₹159.92 | PnL: ₹2590.90
2026-08-07 00:00:27 | INFO     | trademind:connect:18 - PaperBroker connected successfully.
2026-08-07 00:00:27 | INFO     | trademind:pause_trading:104 - Trading PAUSED by API request.
2026-08-07 00:00:27 | INFO     | trademind:resume_trading:111 - Trading RESUMED by API request.
2026-08-07 00:00:42 | INFO     | trademind:connect:18 - PaperBroker connected successfully.
2026-08-07 00:00:42 | INFO     | trademind:pause_trading:104 - Trading PAUSED by API request.
2026-08-07 00:00:42 | INFO     | trademind:resume_trading:111 - Trading RESUMED by API request.
2026-08-07 00:00:52 | INFO     | trademind:connect:18 - PaperBroker connected successfully.
2026-08-07 00:00:52 | INFO     | trademind:init_db:20 - Database initialized successfully at sqlite:///E:\Projects\TRADE\trade.db
2026-08-07 00:00:52 | INFO     | trademind:connect:18 - PaperBroker connected successfully.
2026-08-07 00:00:52 | INFO     | trademind:_execute_order:164 - Executed Order PAPER-ORD-d1f5002e | BUY 65 NIFTY24AUG22500CE @ ₹100.05 | Realized PnL: ₹0.00
2026-08-07 00:00:52 | INFO     | trademind:_execute_order:164 - Executed Order PAPER-ORD-06b1ec6e | SELL 65 NIFTY24AUG22500CE @ ₹119.94 | Realized PnL: ₹1292.85
2026-08-07 00:00:52 | INFO     | trademind:connect:18 - PaperBroker connected successfully.
2026-08-07 00:00:52 | WARNING  | trademind:place_order:59 - Order rejected: Insufficient margin. Required ₹13000.00, Available ₹5000.00
2026-08-07 00:00:57 | WARNING  | trademind:_log_risk_event:133 - Risk Manager Alert [CIRCUIT_BREAKER]: Max Daily Loss limit hit (-₹2100.00 <= -₹2000.00)
2026-08-07 00:00:57 | INFO     | trademind:evaluate_signal:82 - AI Signal Approved: NIFTY_22500_CE with score 90.0%
2026-08-07 00:00:57 | INFO     | trademind:evaluate_signal:84 - AI Signal Rejected: NIFTY_22500_CE score 62.0% < threshold 80.0%
2026-08-07 00:01:04 | INFO     | trademind:send_message_sync:31 - Telegram notification sent successfully.
2026-08-07 00:01:06 | INFO     | trademind:send_message_sync:31 - Telegram notification sent successfully.
2026-08-07 00:01:07 | INFO     | trademind:send_message_sync:31 - Telegram notification sent successfully.
2026-08-07 00:01:08 | ERROR    | trademind:send_message_sync:34 - Failed to send Telegram message: 400 - {"ok":false,"error_code":400,"description":"Bad Request: can't parse entities: Can't find end of the entity starting at byte offset 49"}
2026-08-07 00:01:08 | INFO     | trademind:init_db:20 - Database initialized successfully at sqlite:///E:\Projects\TRADE\trade.db
2026-08-07 00:01:08 | INFO     | trademind:connect:18 - PaperBroker connected successfully.
2026-08-07 00:01:10 | INFO     | trademind:send_message_sync:31 - Telegram notification sent successfully.
2026-08-07 00:01:10 | INFO     | trademind:_execute_order:164 - Executed Order PAPER-ORD-1c133882 | BUY 65 NIFTY_22500_CE @ ₹120.06 | Realized PnL: ₹0.00
2026-08-07 00:01:11 | INFO     | trademind:send_message_sync:31 - Telegram notification sent successfully.
2026-08-07 00:01:11 | INFO     | trademind:execute_signal:114 - Persisted Trade TRD-61654bc5 to Database successfully.
2026-08-07 00:01:11 | INFO     | trademind:_execute_order:164 - Executed Order PAPER-ORD-dd7ae77d | SELL 65 NIFTY_22500_CE @ ₹159.92 | Realized PnL: ₹2590.90
2026-08-07 00:01:12 | INFO     | trademind:send_message_sync:31 - Telegram notification sent successfully.
2026-08-07 00:01:12 | INFO     | trademind:close_trade:169 - Closed Trade TRD-61654bc5 | Exit Price: ₹159.92 | PnL: ₹2590.90
2026-08-07 00:01:12 | INFO     | trademind:pause_trading:104 - Trading PAUSED by API request.
2026-08-07 00:01:12 | INFO     | trademind:resume_trading:111 - Trading RESUMED by API request.
2026-08-07 00:05:43 | INFO     | trademind:connect:18 - PaperBroker connected successfully.
2026-08-07 00:06:02 | INFO     | trademind:connect:18 - PaperBroker connected successfully.
2026-08-07 00:06:02 | INFO     | trademind:init_db:20 - Database initialized successfully at sqlite:///E:\Projects\TRADE\trade.db
2026-08-07 00:06:02 | INFO     | trademind:connect:18 - PaperBroker connected successfully.
2026-08-07 00:06:02 | INFO     | trademind:_execute_order:164 - Executed Order PAPER-ORD-4e2cfa51 | BUY 65 NIFTY24AUG22500CE @ ₹100.05 | Realized PnL: ₹0.00
2026-08-07 00:06:02 | INFO     | trademind:_execute_order:164 - Executed Order PAPER-ORD-49feacff | SELL 65 NIFTY24AUG22500CE @ ₹119.94 | Realized PnL: ₹1292.85
2026-08-07 00:06:02 | INFO     | trademind:connect:18 - PaperBroker connected successfully.
2026-08-07 00:06:02 | WARNING  | trademind:place_order:59 - Order rejected: Insufficient margin. Required ₹13000.00, Available ₹5000.00
2026-08-07 00:06:07 | WARNING  | trademind:_log_risk_event:133 - Risk Manager Alert [CIRCUIT_BREAKER]: Max Daily Loss limit hit (-₹2100.00 <= -₹2000.00)
2026-08-07 00:06:07 | INFO     | trademind:evaluate_signal:82 - AI Signal Approved: NIFTY_22500_CE with score 90.0%
2026-08-07 00:06:07 | INFO     | trademind:evaluate_signal:84 - AI Signal Rejected: NIFTY_22500_CE score 62.0% < threshold 80.0%
2026-08-07 00:06:09 | INFO     | trademind:send_message_sync:31 - Telegram notification sent successfully.
2026-08-07 00:06:10 | INFO     | trademind:send_message_sync:31 - Telegram notification sent successfully.
2026-08-07 00:06:15 | INFO     | trademind:send_message_sync:31 - Telegram notification sent successfully.
2026-08-07 00:06:15 | ERROR    | trademind:send_message_sync:34 - Failed to send Telegram message: 400 - {"ok":false,"error_code":400,"description":"Bad Request: can't parse entities: Can't find end of the entity starting at byte offset 49"}
2026-08-07 00:06:15 | INFO     | trademind:init_db:20 - Database initialized successfully at sqlite:///E:\Projects\TRADE\trade.db
2026-08-07 00:06:15 | INFO     | trademind:connect:18 - PaperBroker connected successfully.
2026-08-07 00:06:17 | INFO     | trademind:send_message_sync:31 - Telegram notification sent successfully.
2026-08-07 00:06:17 | INFO     | trademind:_execute_order:164 - Executed Order PAPER-ORD-b3e3ec4c | BUY 65 NIFTY_22500_CE @ ₹120.06 | Realized PnL: ₹0.00
2026-08-07 00:06:19 | INFO     | trademind:send_message_sync:31 - Telegram notification sent successfully.
2026-08-07 00:06:19 | INFO     | trademind:execute_signal:114 - Persisted Trade TRD-35e72b15 to Database successfully.
2026-08-07 00:06:19 | INFO     | trademind:_execute_order:164 - Executed Order PAPER-ORD-29a8d750 | SELL 65 NIFTY_22500_CE @ ₹159.92 | Realized PnL: ₹2590.90
2026-08-07 00:06:21 | INFO     | trademind:send_message_sync:31 - Telegram notification sent successfully.
2026-08-07 00:06:21 | INFO     | trademind:close_trade:169 - Closed Trade TRD-35e72b15 | Exit Price: ₹159.92 | PnL: ₹2590.90
2026-08-07 00:06:21 | INFO     | trademind:pause_trading:104 - Trading PAUSED by API request.
2026-08-07 00:06:21 | INFO     | trademind:resume_trading:111 - Trading RESUMED by API request.
2026-08-07 00:12:05 | INFO     | trademind:connect:18 - PaperBroker connected successfully.
2026-08-07 00:12:05 | INFO     | trademind:init_db:20 - Database initialized successfully at sqlite:///E:\Projects\TRADE\trade.db
2026-08-07 00:12:05 | INFO     | trademind:connect:18 - PaperBroker connected successfully.
2026-08-07 00:12:05 | INFO     | trademind:_execute_order:164 - Executed Order PAPER-ORD-d80921bf | BUY 65 NIFTY24AUG22500CE @ ₹100.05 | Realized PnL: ₹0.00
2026-08-07 00:12:05 | INFO     | trademind:_execute_order:164 - Executed Order PAPER-ORD-35bcb882 | SELL 65 NIFTY24AUG22500CE @ ₹119.94 | Realized PnL: ₹1292.85
2026-08-07 00:12:05 | INFO     | trademind:connect:18 - PaperBroker connected successfully.
2026-08-07 00:12:05 | WARNING  | trademind:place_order:59 - Order rejected: Insufficient margin. Required ₹13000.00, Available ₹5000.00
2026-08-07 00:12:12 | WARNING  | trademind:_log_risk_event:133 - Risk Manager Alert [CIRCUIT_BREAKER]: Max Daily Loss limit hit (-₹2100.00 <= -₹2000.00)
2026-08-07 00:12:12 | INFO     | trademind:evaluate_signal:82 - AI Signal Approved: NIFTY_22500_CE with score 90.0%
2026-08-07 00:12:12 | INFO     | trademind:evaluate_signal:84 - AI Signal Rejected: NIFTY_22500_CE score 62.0% < threshold 80.0%
2026-08-07 00:12:14 | INFO     | trademind:send_message_sync:31 - Telegram notification sent successfully.
2026-08-07 00:12:15 | INFO     | trademind:send_message_sync:31 - Telegram notification sent successfully.
2026-08-07 00:12:17 | INFO     | trademind:send_message_sync:31 - Telegram notification sent successfully.
2026-08-07 00:12:19 | ERROR    | trademind:send_message_sync:34 - Failed to send Telegram message: 400 - {"ok":false,"error_code":400,"description":"Bad Request: can't parse entities: Can't find end of the entity starting at byte offset 49"}
2026-08-07 00:12:19 | INFO     | trademind:init_db:20 - Database initialized successfully at sqlite:///E:\Projects\TRADE\trade.db
2026-08-07 00:12:19 | INFO     | trademind:connect:18 - PaperBroker connected successfully.
2026-08-07 00:12:20 | INFO     | trademind:send_message_sync:31 - Telegram notification sent successfully.
2026-08-07 00:12:20 | INFO     | trademind:_execute_order:164 - Executed Order PAPER-ORD-bfae3459 | BUY 65 NIFTY_22500_CE @ ₹120.06 | Realized PnL: ₹0.00
2026-08-07 00:12:22 | INFO     | trademind:send_message_sync:31 - Telegram notification sent successfully.
2026-08-07 00:12:22 | INFO     | trademind:execute_signal:114 - Persisted Trade TRD-319320ef to Database successfully.
2026-08-07 00:12:22 | INFO     | trademind:_execute_order:164 - Executed Order PAPER-ORD-26accef2 | SELL 65 NIFTY_22500_CE @ ₹159.92 | Realized PnL: ₹2590.90
2026-08-07 00:12:24 | INFO     | trademind:send_message_sync:31 - Telegram notification sent successfully.
2026-08-07 00:12:24 | INFO     | trademind:close_trade:169 - Closed Trade TRD-319320ef | Exit Price: ₹159.92 | PnL: ₹2590.90
2026-08-07 00:12:24 | INFO     | trademind:stop:53 - LiveMarketScanner stopping.
2026-08-07 00:12:24 | INFO     | trademind:pause_trading:135 - Trading PAUSED by API request.
2026-08-07 00:12:24 | INFO     | trademind:start:47 - 🚀 Live Market Scanner background thread started.
2026-08-07 00:12:26 | INFO     | trademind:send_message_sync:31 - Telegram notification sent successfully.
2026-08-07 00:12:26 | INFO     | trademind:resume_trading:143 - Trading RESUMED by API request.
2026-08-07 00:18:19 | INFO     | trademind:connect:18 - PaperBroker connected successfully.
2026-08-07 00:18:20 | INFO     | trademind:init_db:20 - Database initialized successfully at sqlite:///E:\Projects\TRADE\trade.db
2026-08-07 00:18:20 | INFO     | trademind:connect:18 - PaperBroker connected successfully.
2026-08-07 00:18:20 | INFO     | trademind:_execute_order:164 - Executed Order PAPER-ORD-37e461ad | BUY 65 NIFTY24AUG22500CE @ ₹100.05 | Realized PnL: ₹0.00
2026-08-07 00:18:20 | INFO     | trademind:_execute_order:164 - Executed Order PAPER-ORD-725bf92d | SELL 65 NIFTY24AUG22500CE @ ₹119.94 | Realized PnL: ₹1292.85
2026-08-07 00:18:20 | INFO     | trademind:connect:18 - PaperBroker connected successfully.
2026-08-07 00:18:20 | WARNING  | trademind:place_order:59 - Order rejected: Insufficient margin. Required ₹13000.00, Available ₹5000.00
2026-08-07 00:18:27 | WARNING  | trademind:_log_risk_event:133 - Risk Manager Alert [CIRCUIT_BREAKER]: Max Daily Loss limit hit (-₹2100.00 <= -₹2000.00)
2026-08-07 00:18:27 | INFO     | trademind:evaluate_signal:82 - AI Signal Approved: NIFTY_22500_CE with score 90.0%
2026-08-07 00:18:27 | INFO     | trademind:evaluate_signal:84 - AI Signal Rejected: NIFTY_22500_CE score 62.0% < threshold 80.0%
2026-08-07 00:18:31 | INFO     | trademind:send_message_sync:31 - Telegram notification sent successfully.
2026-08-07 00:18:33 | INFO     | trademind:send_message_sync:31 - Telegram notification sent successfully.
2026-08-07 00:18:34 | INFO     | trademind:send_message_sync:31 - Telegram notification sent successfully.
2026-08-07 00:18:35 | ERROR    | trademind:send_message_sync:34 - Failed to send Telegram message: 400 - {"ok":false,"error_code":400,"description":"Bad Request: can't parse entities: Can't find end of the entity starting at byte offset 49"}
2026-08-07 00:18:35 | INFO     | trademind:init_db:20 - Database initialized successfully at sqlite:///E:\Projects\TRADE\trade.db
2026-08-07 00:18:35 | INFO     | trademind:connect:18 - PaperBroker connected successfully.
2026-08-07 00:18:37 | INFO     | trademind:send_message_sync:31 - Telegram notification sent successfully.
2026-08-07 00:18:37 | INFO     | trademind:_execute_order:164 - Executed Order PAPER-ORD-c460c261 | BUY 65 NIFTY_22500_CE @ ₹120.06 | Realized PnL: ₹0.00
2026-08-07 00:18:38 | INFO     | trademind:send_message_sync:31 - Telegram notification sent successfully.
2026-08-07 00:18:38 | INFO     | trademind:execute_signal:114 - Persisted Trade TRD-b46db3cf to Database successfully.
2026-08-07 00:18:38 | INFO     | trademind:_execute_order:164 - Executed Order PAPER-ORD-4312e35b | SELL 65 NIFTY_22500_CE @ ₹159.92 | Realized PnL: ₹2590.90
2026-08-07 00:18:40 | INFO     | trademind:send_message_sync:31 - Telegram notification sent successfully.
2026-08-07 00:18:40 | INFO     | trademind:close_trade:169 - Closed Trade TRD-b46db3cf | Exit Price: ₹159.92 | PnL: ₹2590.90
2026-08-07 00:18:40 | INFO     | trademind:stop:53 - LiveMarketScanner stopping.
2026-08-07 00:18:40 | INFO     | trademind:pause_trading:139 - Trading PAUSED by API request.
2026-08-07 00:18:40 | INFO     | trademind:start:47 - 🚀 Live Market Scanner background thread started.
2026-08-07 00:18:41 | INFO     | trademind:send_message_sync:31 - Telegram notification sent successfully.
2026-08-07 00:18:41 | INFO     | trademind:resume_trading:147 - Trading RESUMED by API request.
2026-08-07 00:18:41 | INFO     | trademind:connect:18 - PaperBroker connected successfully.
2026-08-07 00:18:42 | INFO     | trademind:send_message_sync:31 - Telegram notification sent successfully.
2026-08-07 00:18:45 | INFO     | trademind:send_message_sync:31 - Telegram notification sent successfully.
2026-08-07 00:18:46 | INFO     | trademind:send_message_sync:31 - Telegram notification sent successfully.
2026-08-07 00:18:47 | INFO     | trademind:send_message_sync:31 - Telegram notification sent successfully.
2026-08-07 00:18:48 | INFO     | trademind:send_message_sync:31 - Telegram notification sent successfully.
2026-08-07 00:18:50 | INFO     | trademind:send_message_sync:31 - Telegram notification sent successfully.
2026-08-07 00:18:53 | INFO     | trademind:send_message_sync:31 - Telegram notification sent successfully.
2026-08-07 00:18:53 | INFO     | trademind:stop:53 - LiveMarketScanner stopping.
2026-08-07 00:18:55 | INFO     | trademind:send_message_sync:31 - Telegram notification sent successfully.
2026-08-07 00:18:55 | INFO     | trademind:start:47 - 🚀 Live Market Scanner background thread started.
2026-08-07 00:18:56 | INFO     | trademind:send_message_sync:31 - Telegram notification sent successfully.
2026-08-07 00:18:57 | INFO     | trademind:send_message_sync:31 - Telegram notification sent successfully.
2026-08-07 00:18:59 | INFO     | trademind:send_message_sync:31 - Telegram notification sent successfully.
2026-08-07 00:25:09 | INFO     | trademind:connect:18 - PaperBroker connected successfully.
2026-08-07 00:25:09 | INFO     | trademind:init_db:20 - Database initialized successfully at sqlite:///E:\Projects\TRADE\trade.db
2026-08-07 00:25:09 | INFO     | trademind:connect:18 - PaperBroker connected successfully.
2026-08-07 00:25:09 | INFO     | trademind:_execute_order:164 - Executed Order PAPER-ORD-197e4f4b | BUY 65 NIFTY24AUG22500CE @ ₹100.05 | Realized PnL: ₹0.00
2026-08-07 00:25:09 | INFO     | trademind:_execute_order:164 - Executed Order PAPER-ORD-36912544 | SELL 65 NIFTY24AUG22500CE @ ₹119.94 | Realized PnL: ₹1292.85
2026-08-07 00:25:09 | INFO     | trademind:connect:18 - PaperBroker connected successfully.
2026-08-07 00:25:09 | WARNING  | trademind:place_order:59 - Order rejected: Insufficient margin. Required ₹13000.00, Available ₹5000.00
2026-08-07 00:25:13 | WARNING  | trademind:_log_risk_event:133 - Risk Manager Alert [CIRCUIT_BREAKER]: Max Daily Loss limit hit (-₹2100.00 <= -₹2000.00)
2026-08-07 00:25:13 | INFO     | trademind:evaluate_signal:82 - AI Signal Approved: NIFTY_22500_CE with score 90.0%
2026-08-07 00:25:13 | INFO     | trademind:evaluate_signal:84 - AI Signal Rejected: NIFTY_22500_CE score 62.0% < threshold 80.0%
2026-08-07 00:25:15 | INFO     | trademind:send_message_sync:31 - Telegram notification sent successfully.
2026-08-07 00:25:17 | INFO     | trademind:send_message_sync:31 - Telegram notification sent successfully.
2026-08-07 00:25:19 | INFO     | trademind:send_message_sync:31 - Telegram notification sent successfully.
2026-08-07 00:25:22 | ERROR    | trademind:send_message_sync:34 - Failed to send Telegram message: 400 - {"ok":false,"error_code":400,"description":"Bad Request: can't parse entities: Can't find end of the entity starting at byte offset 49"}
2026-08-07 00:25:22 | INFO     | trademind:init_db:20 - Database initialized successfully at sqlite:///E:\Projects\TRADE\trade.db
2026-08-07 00:25:22 | INFO     | trademind:connect:18 - PaperBroker connected successfully.
2026-08-07 00:25:25 | INFO     | trademind:send_message_sync:31 - Telegram notification sent successfully.
2026-08-07 00:25:25 | INFO     | trademind:_execute_order:164 - Executed Order PAPER-ORD-5713b04d | BUY 65 NIFTY_22500_CE @ ₹120.06 | Realized PnL: ₹0.00
2026-08-07 00:25:26 | INFO     | trademind:send_message_sync:31 - Telegram notification sent successfully.
2026-08-07 00:25:26 | INFO     | trademind:execute_signal:114 - Persisted Trade TRD-8e0f544b to Database successfully.
2026-08-07 00:25:26 | INFO     | trademind:_execute_order:164 - Executed Order PAPER-ORD-f76237a4 | SELL 65 NIFTY_22500_CE @ ₹159.92 | Realized PnL: ₹2590.90
2026-08-07 00:25:27 | INFO     | trademind:send_message_sync:31 - Telegram notification sent successfully.
2026-08-07 00:25:27 | INFO     | trademind:close_trade:169 - Closed Trade TRD-8e0f544b | Exit Price: ₹159.92 | PnL: ₹2590.90
2026-08-07 00:25:27 | INFO     | trademind:stop:53 - LiveMarketScanner stopping.
2026-08-07 00:25:27 | INFO     | trademind:pause_trading:139 - Trading PAUSED by API request.
2026-08-07 00:25:27 | INFO     | trademind:start:47 - 🚀 Live Market Scanner background thread started.
2026-08-07 00:25:30 | INFO     | trademind:send_message_sync:31 - Telegram notification sent successfully.
2026-08-07 00:25:30 | INFO     | trademind:resume_trading:147 - Trading RESUMED by API request.
2026-08-07 00:25:30 | INFO     | trademind:connect:18 - PaperBroker connected successfully.
2026-08-07 00:25:31 | INFO     | trademind:send_message_sync:31 - Telegram notification sent successfully.
2026-08-07 00:25:34 | INFO     | trademind:send_message_sync:31 - Telegram notification sent successfully.
2026-08-07 00:25:35 | INFO     | trademind:send_message_sync:31 - Telegram notification sent successfully.
2026-08-07 00:25:36 | INFO     | trademind:send_message_sync:31 - Telegram notification sent successfully.
2026-08-07 00:25:38 | INFO     | trademind:send_message_sync:31 - Telegram notification sent successfully.
2026-08-07 00:25:39 | INFO     | trademind:send_message_sync:31 - Telegram notification sent successfully.
2026-08-07 00:25:42 | INFO     | trademind:send_message_sync:31 - Telegram notification sent successfully.
2026-08-07 00:25:42 | INFO     | trademind:stop:53 - LiveMarketScanner stopping.
2026-08-07 00:25:43 | INFO     | trademind:send_message_sync:31 - Telegram notification sent successfully.
2026-08-07 00:25:43 | INFO     | trademind:start:47 - 🚀 Live Market Scanner background thread started.
2026-08-07 00:25:45 | INFO     | trademind:send_message_sync:31 - Telegram notification sent successfully.
2026-08-07 00:25:46 | INFO     | trademind:send_message_sync:31 - Telegram notification sent successfully.
2026-08-07 00:25:47 | INFO     | trademind:send_message_sync:31 - Telegram notification sent successfully.
